// Jest Snapshot v1, https://goo.gl/fbAQLP

exports[`Home page matches snapshot 1`] = `
<DocumentFragment>
  <div
    __source="[object Object]"
    class="flex items-center justify-center w-full h-full"
  >
    <div
      __source="[object Object]"
      class="max-w-4xl p-5 m-auto"
    >
      <div
        __source="[object Object]"
      >
        <h1
          __source="[object Object]"
          class="text-4xl font-bold leading-tight sm:text-6xl"
        >
          Ivan Ivanov
        </h1>
        <div
          __source="[object Object]"
          class="flex items-center mt-1 text-2xl sm:mt-3 sm:text-4xl"
        >
          <a
            __source="[object Object]"
            class="mr-4"
            href="mailto:test@mail.com"
          >
            test@mail.com
          </a>
          <a
            __source="[object Object]"
            class="text-current hover:opacity-70"
            href="https://github.com/archilkarchava"
            rel="noopener noreferrer"
            target="_blank"
            title="My Github"
          >
            <test-file-stub
              __source="[object Object]"
              class="w-6 h-6 sm:w-9 sm:h-9"
            />
          </a>
        </div>
      </div>
      <div
        __source="[object Object]"
        class="my-8"
      >
        <h1
          __source="[object Object]"
          class="mb-2 text-2xl sm:text-3xl"
        >
          Some of my projects:
        </h1>
        <div
          __source="[object Object]"
          class="flex flex-wrap -m-2"
        >
          <div
            __source="[object Object]"
            class="flex-grow w-full p-4 m-2 border border-gray-300 rounded-lg md:w-5/12 dark:border-gray-700"
          >
            <div
              __source="[object Object]"
            >
              <div
                __source="[object Object]"
                class="flex flex-row flex-grow"
              >
                <div
                  __source="[object Object]"
                  class="flex flex-col items-start mr-2 text-lg font-semibold"
                >
                  <span
                    __source="[object Object]"
                  >
                    website: 
                  </span>
                  <span
                    __source="[object Object]"
                  >
                    code: 
                  </span>
                </div>
                <div
                  __source="[object Object]"
                  class="flex flex-col flex-grow text-lg font-bold"
                >
                  <div
                    __source="[object Object]"
                  >
                    <a
                      __source="[object Object]"
                      href="https://astragal74.ru"
                      rel="noopener noreferrer"
                      target="_blank"
                    >
                      <span
                        __source="[object Object]"
                      >
                        https://astragal74.ru
                      </span>
                    </a>
                  </div>
                  <a
                    __source="[object Object]"
                    href="https://github.com/archilkarchava/astragal-gatsby"
                    rel="noopener noreferrer"
                    target="_blank"
                  >
                    <span
                      __source="[object Object]"
                    >
                      astragal-gatsby
                    </span>
                  </a>
                </div>
              </div>
              <div
                __source="[object Object]"
                class="text-base break-words"
              >
                <div>
                  E-commerce website built using Gatsby (React, TypeScript) and serverless.
                </div>
              </div>
            </div>
          </div>
          <div
            __source="[object Object]"
            class="flex-grow w-full p-4 m-2 border border-gray-300 rounded-lg md:w-5/12 dark:border-gray-700"
          >
            <div
              __source="[object Object]"
            >
              <div
                __source="[object Object]"
                class="flex flex-row flex-grow"
              >
                <div
                  __source="[object Object]"
                  class="flex flex-col flex-grow text-lg font-bold"
                >
                  <a
                    __source="[object Object]"
                    href="https://github.com/archilkarchava/astragal-sanity-studio"
                    rel="noopener noreferrer"
                    target="_blank"
                  >
                    <span
                      __source="[object Object]"
                    >
                      astragal-sanity-studio
                    </span>
                  </a>
                </div>
              </div>
              <div
                __source="[object Object]"
                class="text-base break-words"
              >
                <div>
                  Admin panel for 
                  <a
                    href="https://astragal74.ru"
                    rel="nofollow"
                  >
                    https://astragal74.ru
                  </a>
                  

                </div>
              </div>
            </div>
          </div>
          <div
            __source="[object Object]"
            class="flex-grow w-full p-4 m-2 border border-gray-300 rounded-lg md:w-5/12 dark:border-gray-700"
          >
            <div
              __source="[object Object]"
            >
              <div
                __source="[object Object]"
                class="flex flex-row flex-grow"
              >
                <div
                  __source="[object Object]"
                  class="flex flex-col flex-grow text-lg font-bold"
                >
                  <a
                    __source="[object Object]"
                    href="https://github.com/archilkarchava/furnitur"
                    rel="noopener noreferrer"
                    target="_blank"
                  >
                    <span
                      __source="[object Object]"
                    >
                      furnitur
                    </span>
                  </a>
                </div>
              </div>
              <div
                __source="[object Object]"
                class="text-base break-words"
              >
                <div>
                  Furnitur is a cross-platform (IOS, Android) e-commerce application built using Flutter framework and Firebase backend.
                </div>
              </div>
            </div>
          </div>
          <div
            __source="[object Object]"
            class="flex-grow w-full p-4 m-2 border border-gray-300 rounded-lg md:w-5/12 dark:border-gray-700"
          >
            <div
              __source="[object Object]"
            >
              <div
                __source="[object Object]"
                class="flex flex-row flex-grow"
              >
                <div
                  __source="[object Object]"
                  class="flex flex-col flex-grow text-lg font-bold"
                >
                  <a
                    __source="[object Object]"
                    href="https://github.com/archilkarchava/furnitur-firebase"
                    rel="noopener noreferrer"
                    target="_blank"
                  >
                    <span
                      __source="[object Object]"
                    >
                      furnitur-firebase
                    </span>
                  </a>
                </div>
              </div>
              <div
                __source="[object Object]"
                class="text-base break-words"
              >
                <div>
                  Firebase backend for Furnitur app.
                </div>
              </div>
            </div>
          </div>
        </div>
      </div>
    </div>
  </div>
</DocumentFragment>
`;
